[2026-09-10T00:29:27.484+0000] {manager.py:483} INFO - Processing files using up to 2 processes at a time 
[2026-09-10T00:29:27.484+0000] {manager.py:484} INFO - Process each file at most once every 30 seconds
[2026-09-10T00:29:27.485+0000] {manager.py:485} INFO - Checking for new files in /opt/airflow/dags every 300 seconds
[2026-09-10T00:29:27.485+0000] {manager.py:821} INFO - Searching for files in /opt/airflow/dags
[2026-09-10T00:29:27.485+0000] {manager.py:824} INFO - There are 0 files in /opt/airflow/dags
[2026-09-10T00:34:27.913+0000] {manager.py:821} INFO - Searching for files in /opt/airflow/dags
[2026-09-10T00:34:27.919+0000] {manager.py:824} INFO - There are 0 files in /opt/airflow/dags
[2026-09-10T01:25:48.527+0000] {manager.py:483} INFO - Processing files using up to 2 processes at a time 
[2026-09-10T01:25:48.528+0000] {manager.py:484} INFO - Process each file at most once every 30 seconds
[2026-09-10T01:25:48.528+0000] {manager.py:485} INFO - Checking for new files in /opt/airflow/dags every 300 seconds
[2026-09-10T01:25:48.528+0000] {manager.py:821} INFO - Searching for files in /opt/airflow/dags
[2026-09-10T01:25:48.529+0000] {manager.py:824} INFO - There are 0 files in /opt/airflow/dags
[2026-09-10T01:27:05.948+0000] {manager.py:465} INFO - Exiting gracefully upon receiving signal 15
[2026-09-10T01:27:30.947+0000] {manager.py:483} INFO - Processing files using up to 2 processes at a time 
[2026-09-10T01:27:30.949+0000] {manager.py:484} INFO - Process each file at most once every 30 seconds
[2026-09-10T01:27:30.949+0000] {manager.py:485} INFO - Checking for new files in /opt/airflow/dags every 300 seconds
[2026-09-10T01:27:30.949+0000] {manager.py:821} INFO - Searching for files in /opt/airflow/dags
[2026-09-10T01:27:30.950+0000] {manager.py:824} INFO - There are 0 files in /opt/airflow/dags
[2026-09-10T01:32:31.543+0000] {manager.py:821} INFO - Searching for files in /opt/airflow/dags
[2026-09-10T01:32:31.549+0000] {manager.py:824} INFO - There are 0 files in /opt/airflow/dags
[2026-09-10T01:37:32.188+0000] {manager.py:821} INFO - Searching for files in /opt/airflow/dags
[2026-09-10T01:37:32.193+0000] {manager.py:824} INFO - There are 0 files in /opt/airflow/dags
[2026-09-10T01:40:39.816+0000] {manager.py:465} INFO - Exiting gracefully upon receiving signal 15
[2026-09-10T22:36:52.894+0000] {manager.py:483} INFO - Processing files using up to 2 processes at a time 
[2026-09-10T22:36:52.894+0000] {manager.py:484} INFO - Process each file at most once every 30 seconds
[2026-09-10T22:36:52.894+0000] {manager.py:485} INFO - Checking for new files in /opt/airflow/dags every 300 seconds
[2026-09-10T22:36:52.894+0000] {manager.py:821} INFO - Searching for files in /opt/airflow/dags
[2026-09-10T22:36:52.895+0000] {manager.py:824} INFO - There are 0 files in /opt/airflow/dags
[2026-09-10T22:56:14.683+0000] {manager.py:821} INFO - Searching for files in /opt/airflow/dags
[2026-09-10T22:56:14.687+0000] {manager.py:824} INFO - There are 0 files in /opt/airflow/dags
[2026-09-10T23:05:36.919+0000] {manager.py:821} INFO - Searching for files in /opt/airflow/dags
[2026-09-10T23:05:36.921+0000] {manager.py:824} INFO - There are 0 files in /opt/airflow/dags
